// Jest Snapshot v1, https://goo.gl/fbAQLP

exports[`matches snapshot 1`] = `
<div
  className="App"
>
  <div
    className="layout"
  >
    <header>
      <nav
        className="nav"
      >
        <div
          className="title"
        >
          <a
            href="/"
            onClick={[Function]}
          >
            TasteIT
          </a>
        </div>
        <div
          className="menu"
        >
          <span
            className="menuIcon"
            onClick={[Function]}
          >
            menu
          </span>
        </div>
        <div>
          <ul
            className={null}
          >
            <li>
              <a
                aria-current="page"
                className="active"
                href="/"
                onClick={[Function]}
              >
                Home
              </a>
            </li>
            <li>
              <a
                className=""
                href="/recipes"
                onClick={[Function]}
              >
                Recipes
              </a>
            </li>
            <li>
              <a
                className=""
                href="/addrecipe"
                onClick={[Function]}
              >
                Add Recipe
              </a>
            </li>
          </ul>
        </div>
      </nav>
    </header>
    <div
      className="main"
    >
      <div
        className="home"
      >
        <video
          autoPlay={true}
          className="video"
          data-testid="video"
        >
          <source
            src="Cooking.mp4"
            type="video/mp4"
          />
        </video>
        <div
          className="title"
        >
          <h1
            className="h1"
          >
            TasteIT
          </h1>
        </div>
        <div
          className="menu"
        >
          <div
            className="glassCard"
          >
            <a
              href="/recipes"
              onClick={[Function]}
            >
              <h3>
                Browse Recipes
              </h3>
            </a>
            <p>
              Search for a recipe, or for recipes by country
            </p>
          </div>
          <div
            className="glassCard"
          >
            <a
              href="/addrecipe"
              onClick={[Function]}
            >
              <h3>
                Add your own recipe
              </h3>
            </a>
            <p>
              Add a recipe from your own country to our database
            </p>
          </div>
          <div
            className="glassCard"
          >
            <a
              href="https://en.bc.fi/qualifications/full-stack-web-developer-program/"
              rel="noreferrer"
              target="_blank"
            >
              <h3>
                About HBC
              </h3>
            </a>
            <p>
              This project was completed as part of the Full Stack Developer Program at Helsinki Business College. Find out More!
            </p>
          </div>
        </div>
      </div>
    </div>
    <footer
      className="footer"
    >
      <p>
        Copyright Helsinki Business College 2022-2023
      </p>
      <a
        href="https://github.com/andorjamb/recipes"
      >
        <img
          alt="github"
          className="githubLogo"
          src="github-mark.png"
        />
      </a>
    </footer>
  </div>
   
</div>
`;
